0 verbose cli /usr/bin/node /usr/bin/npm
1 info using npm@10.9.1
2 info using node@v22.23.0
3 silly config load:file:/usr/lib/node_modules/npm/npmrc
4 silly config load:file:/public/.cache/typescript/6.0/.npmrc
5 silly config load:file:/public/.npmrc
6 silly config load:file:/etc/npmrc
7 verbose title npm install types-registry@latest
8 verbose argv "install" "--ignore-scripts" "types-registry@latest"
9 verbose logfile logs-max:10 dir:/public/.npm/_logs/2026-08-04T23_28_11_404Z-
10 verbose logfile /public/.npm/_logs/2026-08-04T23_28_11_404Z-debug-0.log
11 silly logfile done cleaning log files
12 silly packumentCache heap:2197815296 maxSize:549453824 maxEntrySize:274726912
13 silly packumentCache corgi:https://registry.npmjs.org/types-registry cache-miss
14 http fetch GET 200 https://registry.npmjs.org/types-registry 1642ms (cache updated)
15 silly packumentCache corgi:https://registry.npmjs.org/types-registry set size:undefined disposed:false
16 silly idealTree buildDeps
17 silly fetch manifest types-registry@0.1.781
18 silly packumentCache full:https://registry.npmjs.org/types-registry cache-miss
19 http fetch GET 200 https://registry.npmjs.org/types-registry 514ms (cache updated)
20 silly packumentCache full:https://registry.npmjs.org/types-registry set size:undefined disposed:false
21 silly placeDep ROOT types-registry@0.1.781 REPLACE for:  want: 0.1.781
22 silly reify mark retired [ '/public/.cache/typescript/6.0/node_modules/types-registry' ]
23 silly reify moves {
23 silly reify   '/public/.cache/typescript/6.0/node_modules/types-registry': '/public/.cache/typescript/6.0/node_modules/.types-registry-kn97s8FE'
23 silly reify }
24 silly audit bulk request {
24 silly audit   '@types/react': [ '19.2.17' ],
24 silly audit   csstype: [ '3.2.3' ],
24 silly audit   'types-registry': [ '0.1.781' ]
24 silly audit }
25 http cache types-registry@https://registry.npmjs.org/types-registry/-/types-registry-0.1.781.tgz 1ms (cache hit)
26 silly tarball no local data for types-registry@https://registry.npmjs.org/types-registry/-/types-registry-0.1.781.tgz. Extracting by manifest.
27 http fetch POST 200 https://registry.npmjs.org/-/npm/v1/security/advisories/bulk 384ms
28 silly audit report {}
29 http fetch GET 200 https://registry.npmjs.org/types-registry/-/types-registry-0.1.781.tgz 1343ms (cache miss)
30 silly CHANGE node_modules/types-registry
31 verbose cwd /public/.cache/typescript/6.0
32 verbose os Linux 6.12.38-android16-5-gb575a0b6e647-ab14355190-4k
33 verbose node v22.23.0
34 verbose npm  v10.9.1
35 verbose exit 0
36 info ok
